# *************************************************************************************************************#
#                                                         Created by Tran Dinh Trong on Nov, 2014              #
#   +  For convert raw data from EN Course experiment to ROOT or TXT file                                      #
#   +  SegID, DetID, ModID bellow follow Focal, Detector, Module show on Web raw data monitor                  #
#   +  NumCh: Number of channels of this detector if put continuously from Start_ch-->(count from 0)           #
#   +  HitPos and Edge use for TDC to read at hit(HitPos), and Leading(Edge=0) or Trailing(Edge=1) like V1190, #
#      other modules set them to 0.                                                                            #
#   +  Name: will be used for column name(TXT) or  Branch name(ROOT), if NumCh>1 auto add the number _i.       #
#                                                                                                              #
# *************************************************************************************************************#
#
# anal 	id   Focal   DetID  	ModID   NumCh	StaCh	HitPos	Edge	Name
  1  	1	1   	52  	24  	128  	0  	0	0	rF1FilberLead
  1  	2	1   	52  	24  	128  	0  	0	1	rF1FilberTrail
  1	3	2   	2  	21  	2  	6  	0	0	rF1FiberDYQ
  1  	4	1   	52  	24  	1  	122  	0	0	rF1PLT_F1
  3  	8	2   	7  	24  	1  	46  	0	0	rF1PLT_F3
  2  	1	2   	7  	24  	10  	0  	0	0	rF2PPAC
  3	1	2   	7  	24  	6  	58  	0	0	rPlasticT
  3	2	2   	2  	21  	6  	0  	0	0	rPlasticQ
  3  	3	2   	7  	24  	1  	11  	0	0	rRF
  3  	4	2   	7  	24  	1  	10  	0	0	rRefcommon
  3  	5	2   	7  	24  	1  	12  	0	0	rCsIor
  3  	6	2   	7  	24  	1  	13  	0	0	rSior
  3  	6	2   	7  	24  	4  	48  	0	0	rSWor
  3  	7	2   	2  	21  	1  	16  	0	0	rF1PLQ
  4  	1	2   	6  	32  	16  	0  	0	0	rCsIQ
  4  	2	2   	7  	24  	16  	16  	0	0	rCsIT
  9  	5	2   	3  	21  	1  	0  	0	0	rRF_V775
  5  	1	2   	2  	21  	8  	8  	0	0	rStackQ
  5  	2	2   	7  	24  	8  	32  	0	0	rStackT
  5  	3	2   	15  	21  	8  	8  	0	0	rLiqQ
  5  	4	2   	7  	24  	4  	40  	0	0	rLiqT
  6  	1	2   	10  	41  	16  	0  	0	0	rLupoCoin
  7  	1	3   	35  	36  	64  	0  	0	0	rMWDC1
  7  	2	3   	36  	36  	64  	0  	0	0	rMWDC2
  7  	3	3   	37  	36  	64  	0  	0	0	rMWDC3
  7  	4	3   	38  	36  	64  	0  	0	0	rMWDC4
  8	1	3   	31  	20  	128  	0  	0	0	rDSSD1
  8  	2	3   	32  	20  	128  	0  	0	0	rDSSD2
  8  	3	3   	33  	20  	128  	0  	0	0	rDSSD3
  8  	4	3   	34  	20  	128  	0  	0	0	rDSSD4
